Recovered rsc1: {MetaLog::Entity BalancePlanAuthority header={type=196608,checksum=447774157,id=2,timestamp=0,flags=0,length=507} payload={ generation 1 rs1: {RangeRecoveryPlan: type=0, replay_plan={RangeRecoveryReplayPlan: num_entries=0}, receiver_plan={RangeRecoveryReceiverPlan: num_entries=2{ReceiverEntry:{TableIdentifier: id='0/0' generation=0}{RangeSpec: start='start_root0' end='end_root0'}{RangeState: state=STEADY timestamp=0 soft_limit=0}, location=rs2}{ReceiverEntry:{TableIdentifier: id='0/0' generation=0}{RangeSpec: start='start_root1' end='end_root1'}{RangeState: state=STEADY timestamp=0 soft_limit=0}, location=rs3}}} {RangeRecoveryPlan: type=1, replay_plan={RangeRecoveryReplayPlan: num_entries=0}, receiver_plan={RangeRecoveryReceiverPlan: num_entries=2{ReceiverEntry:{TableIdentifier: id='1/0' generation=0}{RangeSpec: start='start_meta1' end='end_meta1'}{RangeState: state=STEADY timestamp=0 soft_limit=0}, location=rs2}{ReceiverEntry:{TableIdentifier: id='1/0' generation=0}{RangeSpec: start='start_meta2' end='end_meta2'}{RangeState: state=STEADY timestamp=0 soft_limit=0}, location=rs3}}} {RangeRecoveryPlan: type=3, replay_plan={RangeRecoveryReplayPlan: num_entries=0}, receiver_plan={RangeRecoveryReceiverPlan: num_entries=3{ReceiverEntry:{TableIdentifier: id='2/0' generation=0}{RangeSpec: start='start_user1' end='end_user1'}{RangeState: state=STEADY timestamp=0 soft_limit=0}, location=rs2}{ReceiverEntry:{TableIdentifier: id='2/0' generation=0}{RangeSpec: start='start_user2' end='end_user2'}{RangeState: state=STEADY timestamp=0 soft_limit=0}, location=rs3}{ReceiverEntry:{TableIdentifier: id='2/0' generation=0}{RangeSpec: start='start_user3' end='end_user3'}{RangeState: state=STEADY timestamp=0 soft_limit=0}, location=rs4}}} }

Recovered rsc2: {MetaLog::Entity BalancePlanAuthority header={type=196608,checksum=431704290,id=2,timestamp=0,flags=0,length=808} payload={ generation 2 rs1: {RangeRecoveryPlan: type=0, replay_plan={RangeRecoveryReplayPlan: num_entries=0}, receiver_plan={RangeRecoveryReceiverPlan: num_entries=1{ReceiverEntry:{TableIdentifier: id='0/0' generation=0}{RangeSpec: start='start_root1' end='end_root1'}{RangeState: state=STEADY timestamp=0 soft_limit=0}, location=rs3}}} {RangeRecoveryPlan: type=1, replay_plan={RangeRecoveryReplayPlan: num_entries=0}, receiver_plan={RangeRecoveryReceiverPlan: num_entries=1{ReceiverEntry:{TableIdentifier: id='1/0' generation=0}{RangeSpec: start='start_meta2' end='end_meta2'}{RangeState: state=STEADY timestamp=0 soft_limit=0}, location=rs3}}} {RangeRecoveryPlan: type=3, replay_plan={RangeRecoveryReplayPlan: num_entries=0}, receiver_plan={RangeRecoveryReceiverPlan: num_entries=2{ReceiverEntry:{TableIdentifier: id='2/0' generation=0}{RangeSpec: start='start_user2' end='end_user2'}{RangeState: state=STEADY timestamp=0 soft_limit=0}, location=rs3}{ReceiverEntry:{TableIdentifier: id='2/0' generation=0}{RangeSpec: start='start_user3' end='end_user3'}{RangeState: state=STEADY timestamp=0 soft_limit=0}, location=rs4}}} rs2: {RangeRecoveryPlan: type=0, replay_plan={RangeRecoveryReplayPlan: num_entries=0}, receiver_plan={RangeRecoveryReceiverPlan: num_entries=2{ReceiverEntry:{TableIdentifier: id='0/0' generation=0}{RangeSpec: start='start_root0' end='end_root0'}{RangeState: state=STEADY timestamp=0 soft_limit=0}, location=rs3}{ReceiverEntry:{TableIdentifier: id='0/0' generation=0}{RangeSpec: start='start_root1' end='end_root1'}{RangeState: state=STEADY timestamp=0 soft_limit=0}, location=rs4}}} {RangeRecoveryPlan: type=1, replay_plan={RangeRecoveryReplayPlan: num_entries=0}, receiver_plan={RangeRecoveryReceiverPlan: num_entries=2{ReceiverEntry:{TableIdentifier: id='1/0' generation=0}{RangeSpec: start='start_meta1' end='end_meta1'}{RangeState: state=STEADY timestamp=0 soft_limit=0}, location=rs3}{ReceiverEntry:{TableIdentifier: id='1/0' generation=0}{RangeSpec: start='start_meta2' end='end_meta2'}{RangeState: state=STEADY timestamp=0 soft_limit=0}, location=rs4}}} {RangeRecoveryPlan: type=3, replay_plan={RangeRecoveryReplayPlan: num_entries=0}, receiver_plan={RangeRecoveryReceiverPlan: num_entries=3{ReceiverEntry:{TableIdentifier: id='2/0' generation=0}{RangeSpec: start='start_user1' end='end_user1'}{RangeState: state=STEADY timestamp=0 soft_limit=0}, location=rs3}{ReceiverEntry:{TableIdentifier: id='2/0' generation=0}{RangeSpec: start='start_user2' end='end_user2'}{RangeState: state=STEADY timestamp=0 soft_limit=0}, location=rs4}{ReceiverEntry:{TableIdentifier: id='2/0' generation=0}{RangeSpec: start='start_user3' end='end_user3'}{RangeState: state=STEADY timestamp=0 soft_limit=0}, location=rs5}}} }

Recovered rsc3: {MetaLog::Entity BalancePlanAuthority header={type=196608,checksum=-336309188,id=2,timestamp=0,flags=0,length=893} payload={ generation 3 rs1: {RangeRecoveryPlan: type=3, replay_plan={RangeRecoveryReplayPlan: num_entries=0}, receiver_plan={RangeRecoveryReceiverPlan: num_entries=1{ReceiverEntry:{TableIdentifier: id='2/0' generation=0}{RangeSpec: start='start_user3' end='end_user3'}{RangeState: state=STEADY timestamp=0 soft_limit=0}, location=rs4}}} rs2: {RangeRecoveryPlan: type=0, replay_plan={RangeRecoveryReplayPlan: num_entries=0}, receiver_plan={RangeRecoveryReceiverPlan: num_entries=1{ReceiverEntry:{TableIdentifier: id='0/0' generation=0}{RangeSpec: start='start_root1' end='end_root1'}{RangeState: state=STEADY timestamp=0 soft_limit=0}, location=rs4}}} {RangeRecoveryPlan: type=1, replay_plan={RangeRecoveryReplayPlan: num_entries=0}, receiver_plan={RangeRecoveryReceiverPlan: num_entries=1{ReceiverEntry:{TableIdentifier: id='1/0' generation=0}{RangeSpec: start='start_meta2' end='end_meta2'}{RangeState: state=STEADY timestamp=0 soft_limit=0}, location=rs4}}} {RangeRecoveryPlan: type=3, replay_plan={RangeRecoveryReplayPlan: num_entries=0}, receiver_plan={RangeRecoveryReceiverPlan: num_entries=2{ReceiverEntry:{TableIdentifier: id='2/0' generation=0}{RangeSpec: start='start_user2' end='end_user2'}{RangeState: state=STEADY timestamp=0 soft_limit=0}, location=rs4}{ReceiverEntry:{TableIdentifier: id='2/0' generation=0}{RangeSpec: start='start_user3' end='end_user3'}{RangeState: state=STEADY timestamp=0 soft_limit=0}, location=rs5}}} rs3: {RangeRecoveryPlan: type=0, replay_plan={RangeRecoveryReplayPlan: num_entries=0}, receiver_plan={RangeRecoveryReceiverPlan: num_entries=2{ReceiverEntry:{TableIdentifier: id='0/0' generation=0}{RangeSpec: start='start_root0' end='end_root0'}{RangeState: state=STEADY timestamp=0 soft_limit=0}, location=rs4}{ReceiverEntry:{TableIdentifier: id='0/0' generation=0}{RangeSpec: start='start_root1' end='end_root1'}{RangeState: state=STEADY timestamp=0 soft_limit=0}, location=rs5}}} {RangeRecoveryPlan: type=1, replay_plan={RangeRecoveryReplayPlan: num_entries=0}, receiver_plan={RangeRecoveryReceiverPlan: num_entries=2{ReceiverEntry:{TableIdentifier: id='1/0' generation=0}{RangeSpec: start='start_meta1' end='end_meta1'}{RangeState: state=STEADY timestamp=0 soft_limit=0}, location=rs4}{ReceiverEntry:{TableIdentifier: id='1/0' generation=0}{RangeSpec: start='start_meta2' end='end_meta2'}{RangeState: state=STEADY timestamp=0 soft_limit=0}, location=rs5}}} {RangeRecoveryPlan: type=3, replay_plan={RangeRecoveryReplayPlan: num_entries=0}, receiver_plan={RangeRecoveryReceiverPlan: num_entries=3{ReceiverEntry:{TableIdentifier: id='2/0' generation=0}{RangeSpec: start='start_user1' end='end_user1'}{RangeState: state=STEADY timestamp=0 soft_limit=0}, location=rs4}{ReceiverEntry:{TableIdentifier: id='2/0' generation=0}{RangeSpec: start='start_user3' end='end_user3'}{RangeState: state=STEADY timestamp=0 soft_limit=0}, location=rs4}{ReceiverEntry:{TableIdentifier: id='2/0' generation=0}{RangeSpec: start='start_user2' end='end_user2'}{RangeState: state=STEADY timestamp=0 soft_limit=0}, location=rs5}}} }

Recovered rsc4: {MetaLog::Entity BalancePlanAuthority header={type=196608,checksum=-1130507352,id=2,timestamp=0,flags=0,length=838} payload={ generation 4 rs1: rs2: {RangeRecoveryPlan: type=3, replay_plan={RangeRecoveryReplayPlan: num_entries=0}, receiver_plan={RangeRecoveryReceiverPlan: num_entries=1{ReceiverEntry:{TableIdentifier: id='2/0' generation=0}{RangeSpec: start='start_user3' end='end_user3'}{RangeState: state=STEADY timestamp=0 soft_limit=0}, location=rs5}}} rs3: {RangeRecoveryPlan: type=0, replay_plan={RangeRecoveryReplayPlan: num_entries=0}, receiver_plan={RangeRecoveryReceiverPlan: num_entries=1{ReceiverEntry:{TableIdentifier: id='0/0' generation=0}{RangeSpec: start='start_root1' end='end_root1'}{RangeState: state=STEADY timestamp=0 soft_limit=0}, location=rs5}}} {RangeRecoveryPlan: type=1, replay_plan={RangeRecoveryReplayPlan: num_entries=0}, receiver_plan={RangeRecoveryReceiverPlan: num_entries=1{ReceiverEntry:{TableIdentifier: id='1/0' generation=0}{RangeSpec: start='start_meta2' end='end_meta2'}{RangeState: state=STEADY timestamp=0 soft_limit=0}, location=rs5}}} {RangeRecoveryPlan: type=3, replay_plan={RangeRecoveryReplayPlan: num_entries=0}, receiver_plan={RangeRecoveryReceiverPlan: num_entries=1{ReceiverEntry:{TableIdentifier: id='2/0' generation=0}{RangeSpec: start='start_user2' end='end_user2'}{RangeState: state=STEADY timestamp=0 soft_limit=0}, location=rs5}}} rs4: {RangeRecoveryPlan: type=0, replay_plan={RangeRecoveryReplayPlan: num_entries=0}, receiver_plan={RangeRecoveryReceiverPlan: num_entries=2{ReceiverEntry:{TableIdentifier: id='0/0' generation=0}{RangeSpec: start='start_root0' end='end_root0'}{RangeState: state=STEADY timestamp=0 soft_limit=0}, location=rs5}{ReceiverEntry:{TableIdentifier: id='0/0' generation=0}{RangeSpec: start='start_root1' end='end_root1'}{RangeState: state=STEADY timestamp=0 soft_limit=0}, location=rs5}}} {RangeRecoveryPlan: type=1, replay_plan={RangeRecoveryReplayPlan: num_entries=0}, receiver_plan={RangeRecoveryReceiverPlan: num_entries=2{ReceiverEntry:{TableIdentifier: id='1/0' generation=0}{RangeSpec: start='start_meta1' end='end_meta1'}{RangeState: state=STEADY timestamp=0 soft_limit=0}, location=rs5}{ReceiverEntry:{TableIdentifier: id='1/0' generation=0}{RangeSpec: start='start_meta2' end='end_meta2'}{RangeState: state=STEADY timestamp=0 soft_limit=0}, location=rs5}}} {RangeRecoveryPlan: type=3, replay_plan={RangeRecoveryReplayPlan: num_entries=0}, receiver_plan={RangeRecoveryReceiverPlan: num_entries=3{ReceiverEntry:{TableIdentifier: id='2/0' generation=0}{RangeSpec: start='start_user1' end='end_user1'}{RangeState: state=STEADY timestamp=0 soft_limit=0}, location=rs5}{ReceiverEntry:{TableIdentifier: id='2/0' generation=0}{RangeSpec: start='start_user2' end='end_user2'}{RangeState: state=STEADY timestamp=0 soft_limit=0}, location=rs5}{ReceiverEntry:{TableIdentifier: id='2/0' generation=0}{RangeSpec: start='start_user3' end='end_user3'}{RangeState: state=STEADY timestamp=0 soft_limit=0}, location=rs5}}} }
